Microchip MPLAB XC8 Compiler V2.40

Linker command line:

-W-3 \
  --edf=C:\Program Files\Microchip\xc8\v2.40\pic\dat\20220703182018_en.msgs \
  -cn -h+dist/default/production\master.X.production.sym \
  --cmf=dist/default/production\master.X.production.cmf -z -Q16F887 \
  -oC:\Users\aldoa\AppData\Local\Temp\xcAs264.4 --defsym=__MPLAB_BUILD=1 \
  --fixupoverflow=error -Mdist/default/production/master.X.production.map \
  --md=C:\Users\aldoa\AppData\Local\Temp\xcAs264.dat -E1 -ver=XC8 Compiler \
  --acfsm=1493 -ACODE=00h-07FFhx4 -ASTRCODE=00h-01FFFh -ASTRING=00h-0FFhx32 \
  -ACONST=00h-0FFhx32 -AENTRY=00h-0FFhx32 -ACOMMON=070h-07Fh \
  -ABANK0=020h-06Fh -ABANK1=0A0h-0EFh -ABANK2=0110h-016Fh \
  -ABANK3=0190h-01EFh -ARAM=020h-06Fh,0A0h-0EFh,0110h-016Fh,0190h-01EFh \
  -AABS1=020h-07Fh,0A0h-0EFh,0110h-016Fh,0190h-01EFh -ASFR0=00h-01Fh \
  -ASFR1=080h-09Fh -ASFR2=0100h-010Fh -ASFR3=0180h-018Fh \
  -ACONFIG=02007h-02008h -DCONFIG=2 -AIDLOC=02000h-02003h -DIDLOC=2 \
  -AEEDATA=00h-0FFh/02100h -peeprom_data=EEDATA -DEEDATA=2 -DCODE=2 \
  -DSTRCODE=2 -DSTRING=2 -DCONST=2 -DENTRY=2 \
  -preset_vec=00h,intentry,init,end_init -ppowerup=CODE -pcinit=CODE \
  -pfunctab=ENTRY -k C:\Users\aldoa\AppData\Local\Temp\xcAs264.o \
  dist/default/production\master.X.production.o 

Object code version is 3.11

Machine type is 16F887



                Name                               Link     Load   Length Selector   Space Scale
C:\Users\aldoa\AppData\Local\Temp\xcAs264.o
                end_init                              0        0        3        0       0
                config                             2007     2007        2        0       4
                idloc                              2000     2000        4        0       5
dist/default/production\master.X.production.o
                cinit                               7F5      7F5        B      FEA       0
                config                             2007     2007        2        0       4
                idloc                              2000     2000        4        0       5
                text14                              53E      53E       22      A7C       0
                text13                              524      524       1A      A48       0
                text12                              501      501        D      A02       0
                text11                              67C      67C       5D      CF8       0
                text10                              5DB      5DB       46      BB6       0
                text9                               5A8      5A8       33      B50       0
                text8                               583      583       25      B06       0
                text7                               6D9      6D9       67      DB2       0
                text6                               621      621       5B      C42       0
                text5                               50E      50E       16      A1C       0
                text4                               560      560       23      AC0       0
                text3                               4F1      4F1        7      9E2       0
                text2                               4F8      4F8        9      9F0       0
                text1                               4EB      4EB        6      9D6       0
                maintext                            740      740       B5      E80       0
                cstackBANK0                          25       25        4       20       1
                cstackCOMMON                         70       70        E       70       1
                bssBANK0                             20       20        5       20       1
                strings                               3        3        A        6       0

TOTAL           Name                               Link     Load   Length     Space
        CLASS   CODE           
                end_init                              0        0        3         0
                cinit                               7F5      7F5        B         0
                text14                              53E      53E       22         0
                text13                              524      524       1A         0
                text12                              501      501        D         0
                text11                              67C      67C       5D         0
                text10                              5DB      5DB       46         0
                text9                               5A8      5A8       33         0
                text8                               583      583       25         0
                text7                               6D9      6D9       67         0
                text6                               621      621       5B         0
                text5                               50E      50E       16         0
                text4                               560      560       23         0
                text3                               4F1      4F1        7         0
                text2                               4F8      4F8        9         0
                text1                               4EB      4EB        6         0
                maintext                            740      740       B5         0

        CLASS   STRCODE        

        CLASS   STRING         
                strings                               3        3        A         0

        CLASS   CONST          

        CLASS   ENTRY          

        CLASS   COMMON         
                cstackCOMMON                         70       70        E         1

        CLASS   BANK0          
                cstackBANK0                          25       25        4         1
                bssBANK0                             20       20        5         1

        CLASS   BANK1          

        CLASS   BANK2          

        CLASS   BANK3          

        CLASS   RAM            

        CLASS   ABS1           
                abs_s1                               7E       7E        2         1

        CLASS   SFR0           

        CLASS   SFR1           

        CLASS   SFR2           

        CLASS   SFR3           

        CLASS   CONFIG         
                config                             2007     2007        2         4

        CLASS   IDLOC          
                idloc                              2000     2000        4         5

        CLASS   EEDATA         

        CLASS   STACK          



SEGMENTS        Name                           Load    Length   Top    Selector   Space  Class     Delta

                reset_vec                      000000  000003  000003         0       0  CODE        2
                strings                        000003  00000A  00000D         6       0  STRING      2
                bssBANK0                       000020  000009  000029        20       1  BANK0       1
                cstackCOMMON                   000070  00000E  00007E        70       1  COMMON      1
                text1                          0004EB  000006  0004F1       9D6       0  CODE        2
                text3                          0004F1  000007  0004F8       9E2       0  CODE        2
                text2                          0004F8  000009  000501       9F0       0  CODE        2
                text12                         000501  00000D  00050E       A02       0  CODE        2
                text5                          00050E  000016  000524       A1C       0  CODE        2
                text13                         000524  00001A  00053E       A48       0  CODE        2
                text14                         00053E  000022  000560       A7C       0  CODE        2
                text4                          000560  000023  000583       AC0       0  CODE        2
                text8                          000583  000025  0005A8       B06       0  CODE        2
                text9                          0005A8  000033  0005DB       B50       0  CODE        2
                text10                         0005DB  000046  000621       BB6       0  CODE        2
                text6                          000621  00005B  00067C       C42       0  CODE        2
                text11                         00067C  00005D  0006D9       CF8       0  CODE        2
                text7                          0006D9  000067  000740       DB2       0  CODE        2
                maintext                       000740  0000B5  0007F5       E80       0  CODE        2
                cinit                          0007F5  00000B  000800       FEA       0  CODE        2


UNUSED ADDRESS RANGES

        Name                Unused          Largest block    Delta
        BANK0            0029-006F             47           1
        BANK1            00A0-00EF             50           1
        BANK2            0110-016F             60           1
        BANK3            0190-01EF             60           1
        CODE             000D-04EA            4DE           2
                         0800-1FFF            800
        CONST            000D-04EA            100           2
                         0800-1FFF            100
        EEDATA           2100-21FF            100           2
        ENTRY            000D-04EA            100           2
                         0800-1FFF            100
        RAM              0029-006F             47           1
                         00A0-00EF             50
                         0110-016F             60
                         0190-01EF             60
        SFR0             0000-001F             20           1
        SFR1             0080-009F             20           1
        SFR2             0100-010F             10           1
        SFR3             0180-018F             10           1
        STRCODE          000D-04EA            4DE           2
                         0800-1FFF           1800
        STRING           000D-04EA            100           2
                         0800-1FFF            100

                                  Symbol Table

?___awdiv                 cstackCOMMON 0070
?___awmod                 cstackCOMMON 0079
Lcd_Cmd@a                 cstackCOMMON 0073
Lcd_Port@a                cstackCOMMON 0070
Lcd_Set_Cursor@a          cstackCOMMON 0076
Lcd_Set_Cursor@b          cstackCOMMON 0074
Lcd_Set_Cursor@temp       cstackCOMMON 0079
Lcd_Set_Cursor@y          cstackCOMMON 0078
Lcd_Set_Cursor@z          cstackCOMMON 0077
Lcd_Write_Char@a          cstackCOMMON 0074
Lcd_Write_Char@temp       cstackCOMMON 0072
Lcd_Write_Char@y          cstackCOMMON 0073
Lcd_Write_String@a        cstackCOMMON 0077
Lcd_Write_String@i        cstackCOMMON 0075
_ADC                      bssBANK0     0024
_ANSEL                    (abs)        0188
_ANSELH                   (abs)        0189
_Lcd_Clear                text12       0501
_Lcd_Cmd                  text13       0524
_Lcd_Init                 text11       067C
_Lcd_Port                 text14       053E
_Lcd_Set_Cursor           text10       05DB
_Lcd_Write_Char           text9        05A8
_Lcd_Write_String         text8        0583
_OSCCONbits               (abs)        008F
_PORTB                    (abs)        0006
_PORTCbits                (abs)        0007
_PORTD                    (abs)        0008
_PORTDbits                (abs)        0008
_RD3                      (abs)        0043
_RD4                      (abs)        0044
_RD5                      (abs)        0045
_RD6                      (abs)        0046
_RD7                      (abs)        0047
_SSPBUF                   (abs)        0013
_SSPCON                   (abs)        0014
_SSPSTAT                  (abs)        0094
_SSPSTATbits              (abs)        0094
_TRISB                    (abs)        0086
_TRISC3                   (abs)        043B
_TRISC5                   (abs)        043D
_TRISCbits                (abs)        0087
_TRISD                    (abs)        0088
__Habs1                   abs1         0000
__Hbank0                  bank0        0000
__Hbank1                  bank1        0000
__Hbank2                  bank2        0000
__Hbank3                  bank3        0000
__HbssBANK0               bssBANK0     0000
__Hcinit                  cinit        0800
__Hclrtext                clrtext      0000
__Hcode                   code         0000
__Hcommon                 common       0000
__Hconfig                 config       2009
__HcstackBANK0            cstackBANK0  0000
__HcstackCOMMON           cstackCOMMON 0000
__Heeprom_data            eeprom_data  0000
__Hend_init               end_init     0003
__Hfunctab                functab      0000
__Hidloc                  idloc        2004
__Hinit                   init         0000
__Hintentry               intentry     0000
__Hmaintext               maintext     0000
__Hpowerup                powerup      0000
__Hram                    ram          0000
__Hreset_vec              reset_vec    0000
__Hsfr0                   sfr0         0000
__Hsfr1                   sfr1         0000
__Hsfr2                   sfr2         0000
__Hsfr3                   sfr3         0000
__Hspace_0                (abs)        0800
__Hspace_1                (abs)        007E
__Hspace_2                (abs)        0000
__Hspace_3                (abs)        0000
__Hspace_4                (abs)        4010
__Hstack                  stack        0000
__Hstrings                strings      0000
__Htext                   text         0000
__Labs1                   abs1         0000
__Lbank0                  bank0        0000
__Lbank1                  bank1        0000
__Lbank2                  bank2        0000
__Lbank3                  bank3        0000
__LbssBANK0               bssBANK0     0000
__Lcinit                  cinit        07F5
__Lclrtext                clrtext      0000
__Lcode                   code         0000
__Lcommon                 common       0000
__Lconfig                 config       0000
__LcstackBANK0            cstackBANK0  0000
__LcstackCOMMON           cstackCOMMON 0000
__Leeprom_data            eeprom_data  0000
__Lend_init               end_init     0000
__Lfunctab                functab      0000
__Lidloc                  idloc        0000
__Linit                   init         0000
__Lintentry               intentry     0000
__Lmaintext               maintext     0000
__Lpowerup                powerup      0000
__Lram                    ram          0000
__Lreset_vec              reset_vec    0000
__Lsfr0                   sfr0         0000
__Lsfr1                   sfr1         0000
__Lsfr2                   sfr2         0000
__Lsfr3                   sfr3         0000
__Lspace_0                (abs)        0000
__Lspace_1                (abs)        0000
__Lspace_2                (abs)        0000
__Lspace_3                (abs)        0000
__Lspace_4                (abs)        0000
__Lstack                  stack        0000
__Lstrings                strings      0000
__Ltext                   text         0000
__S0                      (abs)        0800
__S1                      (abs)        007E
__S3                      (abs)        0000
___awdiv                  text7        06D9
___awdiv@counter          cstackCOMMON 0075
___awdiv@dividend         cstackCOMMON 0072
___awdiv@divisor          cstackCOMMON 0070
___awdiv@quotient         cstackCOMMON 0077
___awdiv@sign             cstackCOMMON 0076
___awmod                  text6        0621
___awmod@counter          cstackBANK0  0025
___awmod@dividend         cstackCOMMON 007B
___awmod@divisor          cstackCOMMON 0079
___awmod@sign             cstackBANK0  0026
___int_sp                 stack        0000
___latbits                (abs)        0002
___sp                     stack        0000
___stackhi                (abs)        0000
___stacklo                (abs)        0000
__end_of_Lcd_Clear        text12       050E
__end_of_Lcd_Cmd          text13       053E
__end_of_Lcd_Init         text11       06D9
__end_of_Lcd_Port         text14       0560
__end_of_Lcd_Set_Cursor   text10       0621
__end_of_Lcd_Write_Char   text9        05DB
__end_of_Lcd_Write_String text8        05A8
__end_of___awdiv          text7        0740
__end_of___awmod          text6        067C
__end_of__initialization  cinit        07FC
__end_of__stringtab       strings      0009
__end_of_main             maintext     07F5
__end_of_setup            text4        0583
__end_of_spiInit          text5        0524
__end_of_spiRead          text2        0501
__end_of_spiReceiveWait   text3        04F8
__end_of_spiWrite         text1        04F1
__initialization          cinit        07F5
__pbssBANK0               bssBANK0     0020
__pcstackBANK0            cstackBANK0  0025
__pcstackCOMMON           cstackCOMMON 0070
__pmaintext               maintext     0740
__pstrings                strings      0003
__ptext1                  text1        04EB
__ptext10                 text10       05DB
__ptext11                 text11       067C
__ptext12                 text12       0501
__ptext13                 text13       0524
__ptext14                 text14       053E
__ptext2                  text2        04F8
__ptext3                  text3        04F1
__ptext4                  text4        0560
__ptext5                  text5        050E
__ptext6                  text6        0621
__ptext7                  text7        06D9
__ptext8                  text8        0583
__ptext9                  text9        05A8
__stringbase              strings      0008
__stringtab               strings      0003
_centenas                 bssBANK0     0022
_decenas                  bssBANK0     0021
_main                     maintext     0740
_setup                    text4        0560
_spiInit                  text5        050E
_spiRead                  text2        04F8
_spiReceiveWait           text3        04F1
_spiWrite                 text1        04EB
_unidad                   bssBANK0     0020
btemp                     (abs)        007E
end_of_initialization     cinit        07FC
intlevel0                 functab      0000
intlevel1                 functab      0000
intlevel2                 functab      0000
intlevel3                 functab      0000
intlevel4                 functab      0000
intlevel5                 functab      0000
reset_vec                 reset_vec    0000
spiInit@sClockIdle        cstackCOMMON 0071
spiInit@sDataSample       cstackCOMMON 0070
spiInit@sTransmitEdge     cstackCOMMON 0072
spiInit@sType             cstackCOMMON 0073
spiWrite@dat              cstackCOMMON 0070
start                     init         0000
start_initialization      cinit        07F5
wtemp0                    (abs)        007E


MODULE INFORMATION

Module		Function		Class		Link	Load	Size
C:\Program Files\Microchip\xc8\v2.40\pic\sources\c90\common\awdiv.c
		___awdiv       		CODE           	06D9	0000	103

C:\Program Files\Microchip\xc8\v2.40\pic\sources\c90\common\awdiv.c estimated size: 103

shared
		__stringtab    		STRING         	0003	0000	6
		__initialization		CODE           	07F5	0000	7

shared estimated size: 13

SPI.c
		_spiWrite      		CODE           	04EB	0000	6
		_spiInit       		CODE           	050E	0000	22
		_spiReceiveWait		CODE           	04F1	0000	7
		_spiRead       		CODE           	04F8	0000	9

SPI.c estimated size: 44

C:\Program Files\Microchip\xc8\v2.40\pic\sources\c90\common\awmod.c
		___awmod       		CODE           	0621	0000	91

C:\Program Files\Microchip\xc8\v2.40\pic\sources\c90\common\awmod.c estimated size: 91

main.c
		_main          		CODE           	0740	0000	181
		_setup         		CODE           	0560	0000	35

main.c estimated size: 216

LCD.c
		_Lcd_Write_String		CODE           	0583	0000	37
		_Lcd_Init      		CODE           	067C	0000	93
		_Lcd_Write_Char		CODE           	05A8	0000	51
		_Lcd_Cmd       		CODE           	0524	0000	26
		_Lcd_Set_Cursor		CODE           	05DB	0000	70
		_Lcd_Clear     		CODE           	0501	0000	13
		_Lcd_Port      		CODE           	053E	0000	34

LCD.c estimated size: 324

