Microchip MPLAB XC8 Compiler V2.40

Linker command line:

-W-3 \
  --edf=C:\Program Files\Microchip\xc8\v2.40\pic\dat\20220703182018_en.msgs \
  -cn -h+dist/default/production\SPI-Master.X.production.sym \
  --cmf=dist/default/production\SPI-Master.X.production.cmf -z -Q16F887 \
  -oC:\Users\aldoa\AppData\Local\Temp\xcAsqec.4 --defsym=__MPLAB_BUILD=1 \
  --fixupoverflow=error \
  -Mdist/default/production/SPI-Master.X.production.map \
  --md=C:\Users\aldoa\AppData\Local\Temp\xcAsqec.dat -E1 -ver=XC8 Compiler \
  --acfsm=1493 -ACODE=00h-07FFhx4 -ASTRCODE=00h-01FFFh -ASTRING=00h-0FFhx32 \
  -ACONST=00h-0FFhx32 -AENTRY=00h-0FFhx32 -ACOMMON=070h-07Fh \
  -ABANK0=020h-06Fh -ABANK1=0A0h-0EFh -ABANK2=0110h-016Fh \
  -ABANK3=0190h-01EFh -ARAM=020h-06Fh,0A0h-0EFh,0110h-016Fh,0190h-01EFh \
  -AABS1=020h-07Fh,0A0h-0EFh,0110h-016Fh,0190h-01EFh -ASFR0=00h-01Fh \
  -ASFR1=080h-09Fh -ASFR2=0100h-010Fh -ASFR3=0180h-018Fh \
  -ACONFIG=02007h-02008h -DCONFIG=2 -AIDLOC=02000h-02003h -DIDLOC=2 \
  -AEEDATA=00h-0FFh/02100h -peeprom_data=EEDATA -DEEDATA=2 -DCODE=2 \
  -DSTRCODE=2 -DSTRING=2 -DCONST=2 -DENTRY=2 \
  -preset_vec=00h,intentry,init,end_init -ppowerup=CODE -pcinit=CODE \
  -pfunctab=ENTRY -k C:\Users\aldoa\AppData\Local\Temp\xcAsqec.o \
  dist/default/production\SPI-Master.X.production.o 

Object code version is 3.11

Machine type is 16F887



                Name                               Link     Load   Length Selector   Space Scale
C:\Users\aldoa\AppData\Local\Temp\xcAsqec.o
                end_init                              0        0        3        0       0
                config                             2007     2007        2        0       4
                idloc                              2000     2000        4        0       5
dist/default/production\SPI-Master.X.production.o
                cinit                               7FA      7FA        6      FF4       0
                config                             2007     2007        2        0       4
                idloc                              2000     2000        4        0       5
                text12                              64B      64B       22      C96       0
                text11                              612      612       1A      C24       0
                text10                              5EF      5EF        D      BDE       0
                text9                               73D      73D       5D      E7A       0
                text8                               6F7      6F7       46      DEE       0
                text7                               6C4      6C4       33      D88       0
                text6                               694      694       30      D28       0
                text5                               5FC      5FC       16      BF8       0
                text4                               62C      62C       1F      C58       0
                text3                               5DF      5DF        7      BBE       0
                text2                               5E6      5E6        9      BCC       0
                text1                               66D      66D       27      CDA       0
                maintext                            79A      79A       60      F34       0
                cstackCOMMON                         70       70        C       70       1
                bssCOMMON                            7C       7C        2       70       1
                strings                               3        3       18        6       0

TOTAL           Name                               Link     Load   Length     Space
        CLASS   CODE           
                end_init                              0        0        3         0
                cinit                               7FA      7FA        6         0
                text12                              64B      64B       22         0
                text11                              612      612       1A         0
                text10                              5EF      5EF        D         0
                text9                               73D      73D       5D         0
                text8                               6F7      6F7       46         0
                text7                               6C4      6C4       33         0
                text6                               694      694       30         0
                text5                               5FC      5FC       16         0
                text4                               62C      62C       1F         0
                text3                               5DF      5DF        7         0
                text2                               5E6      5E6        9         0
                text1                               66D      66D       27         0
                maintext                            79A      79A       60         0

        CLASS   STRCODE        

        CLASS   STRING         
                strings                               3        3       18         0

        CLASS   CONST          

        CLASS   ENTRY          

        CLASS   COMMON         
                cstackCOMMON                         70       70        C         1
                bssCOMMON                            7C       7C        2         1

        CLASS   BANK0          

        CLASS   BANK1          

        CLASS   BANK2          

        CLASS   BANK3          

        CLASS   RAM            

        CLASS   ABS1           
                abs_s1                               7E       7E        2         1

        CLASS   SFR0           

        CLASS   SFR1           

        CLASS   SFR2           

        CLASS   SFR3           

        CLASS   CONFIG         
                config                             2007     2007        2         4

        CLASS   IDLOC          
                idloc                              2000     2000        4         5

        CLASS   EEDATA         

        CLASS   STACK          



SEGMENTS        Name                           Load    Length   Top    Selector   Space  Class     Delta

                reset_vec                      000000  000003  000003         0       0  CODE        2
                strings                        000003  000018  00001B         6       0  STRING      2
                cstackCOMMON                   000070  00000E  00007E        70       1  COMMON      1
                text3                          0005DF  000007  0005E6       BBE       0  CODE        2
                text2                          0005E6  000009  0005EF       BCC       0  CODE        2
                text10                         0005EF  00000D  0005FC       BDE       0  CODE        2
                text5                          0005FC  000016  000612       BF8       0  CODE        2
                text11                         000612  00001A  00062C       C24       0  CODE        2
                text4                          00062C  00001F  00064B       C58       0  CODE        2
                text12                         00064B  000022  00066D       C96       0  CODE        2
                text1                          00066D  000027  000694       CDA       0  CODE        2
                text6                          000694  000030  0006C4       D28       0  CODE        2
                text7                          0006C4  000033  0006F7       D88       0  CODE        2
                text8                          0006F7  000046  00073D       DEE       0  CODE        2
                text9                          00073D  00005D  00079A       E7A       0  CODE        2
                maintext                       00079A  000060  0007FA       F34       0  CODE        2
                cinit                          0007FA  000006  000800       FF4       0  CODE        2


UNUSED ADDRESS RANGES

        Name                Unused          Largest block    Delta
        BANK0            0020-006F             50           1
        BANK1            00A0-00EF             50           1
        BANK2            0110-016F             60           1
        BANK3            0190-01EF             60           1
        CODE             001B-05DE            5C4           2
                         0800-1FFF            800
        CONST            001B-05DE            100           2
                         0800-1FFF            100
        EEDATA           2100-21FF            100           2
        ENTRY            001B-05DE            100           2
                         0800-1FFF            100
        RAM              0020-006F             50           1
                         00A0-00EF             50
                         0110-016F             60
                         0190-01EF             60
        SFR0             0000-001F             20           1
        SFR1             0080-009F             20           1
        SFR2             0100-010F             10           1
        SFR3             0180-018F             10           1
        STRCODE          001B-05DE            5C4           2
                         0800-1FFF           1800
        STRING           001B-05DE            100           2
                         0800-1FFF            100

                                  Symbol Table

?_sprintf                 cstackCOMMON 0070
Lcd_Cmd@a                 cstackCOMMON 0073
Lcd_Port@a                cstackCOMMON 0070
Lcd_Set_Cursor@a          cstackCOMMON 0076
Lcd_Set_Cursor@b          cstackCOMMON 0074
Lcd_Set_Cursor@temp       cstackCOMMON 0079
Lcd_Set_Cursor@y          cstackCOMMON 0078
Lcd_Set_Cursor@z          cstackCOMMON 0077
Lcd_Write_Char@a          cstackCOMMON 0074
Lcd_Write_Char@temp       cstackCOMMON 0072
Lcd_Write_Char@y          cstackCOMMON 0073
Lcd_Write_String@a        cstackCOMMON 0075
Lcd_Write_String@i        cstackCOMMON 0077
_ADC                      bssCOMMON    007D
_ADCON0                   (abs)        001F
_ADCON0bits               (abs)        001F
_ADCON1bits               (abs)        009F
_ADRESH                   (abs)        001E
_ADRESL                   (abs)        009E
_ANSEL                    (abs)        0188
_ANSELH                   (abs)        0189
_Lcd_Clear                text10       05EF
_Lcd_Cmd                  text11       0612
_Lcd_Init                 text9        073D
_Lcd_Port                 text12       064B
_Lcd_Set_Cursor           text8        06F7
_Lcd_Write_Char           text7        06C4
_Lcd_Write_String         text6        0694
_OSCCONbits               (abs)        008F
_PORTB                    (abs)        0006
_PORTCbits                (abs)        0007
_PORTD                    (abs)        0008
_PORTDbits                (abs)        0008
_RD3                      (abs)        0043
_RD4                      (abs)        0044
_RD5                      (abs)        0045
_RD6                      (abs)        0046
_RD7                      (abs)        0047
_SSPBUF                   (abs)        0013
_SSPCON                   (abs)        0014
_SSPSTAT                  (abs)        0094
_SSPSTATbits              (abs)        0094
_TRISB                    (abs)        0086
_TRISC2                   (abs)        043A
_TRISC3                   (abs)        043B
_TRISC5                   (abs)        043D
_TRISD                    (abs)        0088
__Habs1                   abs1         0000
__Hbank0                  bank0        0000
__Hbank1                  bank1        0000
__Hbank2                  bank2        0000
__Hbank3                  bank3        0000
__HbssCOMMON              bssCOMMON    0000
__Hcinit                  cinit        0800
__Hclrtext                clrtext      0000
__Hcode                   code         0000
__Hcommon                 common       0000
__Hconfig                 config       2009
__HcstackCOMMON           cstackCOMMON 0000
__Heeprom_data            eeprom_data  0000
__Hend_init               end_init     0003
__Hfunctab                functab      0000
__Hidloc                  idloc        2004
__Hinit                   init         0000
__Hintentry               intentry     0000
__Hmaintext               maintext     0000
__Hpowerup                powerup      0000
__Hram                    ram          0000
__Hreset_vec              reset_vec    0000
__Hsfr0                   sfr0         0000
__Hsfr1                   sfr1         0000
__Hsfr2                   sfr2         0000
__Hsfr3                   sfr3         0000
__Hspace_0                (abs)        0800
__Hspace_1                (abs)        007E
__Hspace_2                (abs)        0000
__Hspace_3                (abs)        0000
__Hspace_4                (abs)        4010
__Hstack                  stack        0000
__Hstrings                strings      0000
__Htext                   text         0000
__Labs1                   abs1         0000
__Lbank0                  bank0        0000
__Lbank1                  bank1        0000
__Lbank2                  bank2        0000
__Lbank3                  bank3        0000
__LbssCOMMON              bssCOMMON    0000
__Lcinit                  cinit        07FA
__Lclrtext                clrtext      0000
__Lcode                   code         0000
__Lcommon                 common       0000
__Lconfig                 config       0000
__LcstackCOMMON           cstackCOMMON 0000
__Leeprom_data            eeprom_data  0000
__Lend_init               end_init     0000
__Lfunctab                functab      0000
__Lidloc                  idloc        0000
__Linit                   init         0000
__Lintentry               intentry     0000
__Lmaintext               maintext     0000
__Lpowerup                powerup      0000
__Lram                    ram          0000
__Lreset_vec              reset_vec    0000
__Lsfr0                   sfr0         0000
__Lsfr1                   sfr1         0000
__Lsfr2                   sfr2         0000
__Lsfr3                   sfr3         0000
__Lspace_0                (abs)        0000
__Lspace_1                (abs)        0000
__Lspace_2                (abs)        0000
__Lspace_3                (abs)        0000
__Lspace_4                (abs)        0000
__Lstack                  stack        0000
__Lstrings                strings      0000
__Ltext                   text         0000
__S0                      (abs)        0800
__S1                      (abs)        007E
__S3                      (abs)        0000
___int_sp                 stack        0000
___latbits                (abs)        0002
___sp                     stack        0000
___stackhi                (abs)        0000
___stacklo                (abs)        0000
__end_of_Lcd_Clear        text10       05FC
__end_of_Lcd_Cmd          text11       062C
__end_of_Lcd_Init         text9        079A
__end_of_Lcd_Port         text12       066D
__end_of_Lcd_Set_Cursor   text8        073D
__end_of_Lcd_Write_Char   text7        06F7
__end_of_Lcd_Write_String text6        06C4
__end_of__initialization  cinit        07FC
__end_of__stringtab       strings      0013
__end_of_main             maintext     07FA
__end_of_setup            text4        064B
__end_of_spiInit          text5        0612
__end_of_spiRead          text2        05EF
__end_of_spiReceiveWait   text3        05E6
__end_of_sprintf          text1        0694
__initialization          cinit        07FA
__pbssCOMMON              bssCOMMON    007C
__pcstackCOMMON           cstackCOMMON 0070
__pmaintext               maintext     079A
__pstrings                strings      0003
__ptext1                  text1        066D
__ptext10                 text10       05EF
__ptext11                 text11       0612
__ptext12                 text12       064B
__ptext2                  text2        05E6
__ptext3                  text3        05DF
__ptext4                  text4        062C
__ptext5                  text5        05FC
__ptext6                  text6        0694
__ptext7                  text7        06C4
__ptext8                  text8        06F7
__ptext9                  text9        073D
__stringbase              strings      0012
__stringtab               strings      0003
_main                     maintext     079A
_setup                    text4        062C
_spiInit                  text5        05FC
_spiRead                  text2        05E6
_spiReceiveWait           text3        05DF
_sprintf                  text1        066D
btemp                     (abs)        007E
end_of_initialization     cinit        07FC
intlevel0                 functab      0000
intlevel1                 functab      0000
intlevel2                 functab      0000
intlevel3                 functab      0000
intlevel4                 functab      0000
intlevel5                 functab      0000
reset_vec                 reset_vec    0000
spiInit@sClockIdle        cstackCOMMON 0071
spiInit@sDataSample       cstackCOMMON 0070
spiInit@sTransmitEdge     cstackCOMMON 0072
spiInit@sType             cstackCOMMON 0073
sprintf@ap                cstackCOMMON 0075
sprintf@c                 cstackCOMMON 0076
sprintf@f                 cstackCOMMON 0072
sprintf@sp                cstackCOMMON 0070
start                     init         0000
start_initialization      cinit        07FA
wtemp0                    (abs)        007E


MODULE INFORMATION

Module		Function		Class		Link	Load	Size
C:\Program Files\Microchip\xc8\v2.40\pic\sources\c90\common\doprnt.c
		_sprintf       		CODE           	066D	0000	39

C:\Program Files\Microchip\xc8\v2.40\pic\sources\c90\common\doprnt.c estimated size: 39

shared
		__stringtab    		STRING         	0003	0000	16
		__initialization		CODE           	07FA	0000	2

shared estimated size: 18

SPI.c
		_spiInit       		CODE           	05FC	0000	22
		_spiReceiveWait		CODE           	05DF	0000	7
		_spiRead       		CODE           	05E6	0000	9

SPI.c estimated size: 38

main.c
		_main          		CODE           	079A	0000	96
		_setup         		CODE           	062C	0000	31

main.c estimated size: 127

LCD.c
		_Lcd_Write_String		CODE           	0694	0000	48
		_Lcd_Init      		CODE           	073D	0000	93
		_Lcd_Write_Char		CODE           	06C4	0000	51
		_Lcd_Cmd       		CODE           	0612	0000	26
		_Lcd_Set_Cursor		CODE           	06F7	0000	70
		_Lcd_Clear     		CODE           	05EF	0000	13
		_Lcd_Port      		CODE           	064B	0000	34

LCD.c estimated size: 335

